Microchip MPLAB XC8 Compiler V2.36

Linker command line:

-W-3 --edf=C:\Program Files\Microchip\xc8\v2.36\pic\dat\en_msgs.txt -cn \
  -h+dist/default/production\Cadeira_Automatizada.X.production.sym \
  --cmf=dist/default/production\Cadeira_Automatizada.X.production.cmf -z \
  -Q16F877A -oC:\Users\pcrix\AppData\Local\Temp\xcAsai8.4 \
  --defsym=__MPLAB_BUILD=1 \
  -Mdist/default/production/Cadeira_Automatizada.X.production.map \
  --md=C:\Users\pcrix\AppData\Local\Temp\xcAsai8.dat -E1 -ver=XC8 Compiler \
  --acfsm=1493 -ACODE=00h-07FFhx4 -ASTRCODE=00h-01FFFh -ASTRING=00h-0FFhx32 \
  -ACONST=00h-0FFhx32 -AENTRY=00h-0FFhx32 -ACOMMON=070h-07Fh \
  -ABANK0=020h-06Fh -ABANK1=0A0h-0EFh -ABANK2=0110h-016Fh \
  -ABANK3=0190h-01EFh -ARAM=020h-06Fh,0A0h-0EFh,0110h-016Fh,0190h-01EFh \
  -AABS1=020h-07Fh,0A0h-0EFh,0110h-016Fh,0190h-01EFh -ASFR0=00h-01Fh \
  -ASFR1=080h-09Fh -ASFR2=0100h-010Fh -ASFR3=0180h-018Fh \
  -ACONFIG=02007h-02007h -DCONFIG=2 -AIDLOC=02000h-02003h -DIDLOC=2 \
  -AEEDATA=00h-0FFh/02100h -peeprom_data=EEDATA -DEEDATA=2 -DCODE=2 \
  -DSTRCODE=2 -DSTRING=2 -DCONST=2 -DENTRY=2 \
  -preset_vec=00h,intentry=04h,init,end_init -ppowerup=CODE -pcinit=CODE \
  -pfunctab=ENTRY -k C:\Users\pcrix\AppData\Local\Temp\xcAsai8.o \
  dist/default/production\Cadeira_Automatizada.X.production.o 

Object code version is 3.11

Machine type is 16F877A



                Name                               Link     Load   Length Selector   Space Scale
C:\Users\pcrix\AppData\Local\Temp\xcAsai8.o
                end_init                              C        C        3        8       0
                reset_vec                             0        0        3        0       0
                config                             2007     2007        1        0       4
dist/default/production\Cadeira_Automatizada.X.production.o
                cinit                                 F        F       15        8       0
                intentry                              4        4        8        8       0
                config                             2007     2007        1        0       4
                text16                              D9D      D9D       5B     1B3A       0
                text15                              BF7      BF7       20     17EE       0
                text14                              BDC      BDC       1B     17B8       0
                text13                              7EE      7EE        D        8       0
                text12                              DF8      DF8       62     1BF0       0
                text11                              D45      D45       58     1A8A       0
                text10                              C7C      C7C       3D     18F8       0
                text9                               CB9      CB9       46     1972       0
                text8                               595      595      1DD        8       0
                text7                               C17      C17       29     182E       0
                text6                                24       24      361        8       0
                text5                               772      772       7C        8       0
                text4                               E5A      E5A       BC     1CB4       0
                text3                               CFF      CFF       46     19FE       0
                text2                               C40      C40       3C     1880       0
                text1                               F16      F16       EA     1E2C       0
                maintext                            385      385      210        8       0
                cstackBANK0                          20       20       43       20       1
                cstackCOMMON                         70       70        5       70       1
                bssBANK0                             63       63        B       20       1
                bssCOMMON                            75       75        4       70       1
                strings                             800      800       29     1000       0

TOTAL           Name                               Link     Load   Length     Space
        CLASS   CODE           
                end_init                              C        C        3         0
                cinit                                 F        F       15         0
                intentry                              4        4        8         0
                reset_vec                             0        0        3         0
                text16                              D9D      D9D       5B         0
                text15                              BF7      BF7       20         0
                text14                              BDC      BDC       1B         0
                text13                              7EE      7EE        D         0
                text12                              DF8      DF8       62         0
                text11                              D45      D45       58         0
                text10                              C7C      C7C       3D         0
                text9                               CB9      CB9       46         0
                text8                               595      595      1DD         0
                text7                               C17      C17       29         0
                text6                                24       24      361         0
                text5                               772      772       7C         0
                text4                               E5A      E5A       BC         0
                text3                               CFF      CFF       46         0
                text2                               C40      C40       3C         0
                text1                               F16      F16       EA         0
                maintext                            385      385      210         0

        CLASS   STRCODE        

        CLASS   STRING         
                strings                             800      800       29         0

        CLASS   CONST          

        CLASS   ENTRY          

        CLASS   COMMON         
                cstackCOMMON                         70       70        5         1
                bssCOMMON                            75       75        4         1

        CLASS   BANK0          
                cstackBANK0                          20       20       43         1
                bssBANK0                             63       63        B         1

        CLASS   BANK1          

        CLASS   BANK2          

        CLASS   BANK3          

        CLASS   RAM            

        CLASS   ABS1           
                abs_s1                               7E       7E        2         1

        CLASS   SFR0           

        CLASS   SFR1           

        CLASS   SFR2           

        CLASS   SFR3           

        CLASS   CONFIG         
                config                             2007     2007        1         4

        CLASS   IDLOC          

        CLASS   EEDATA         

        CLASS   STACK          



SEGMENTS        Name                           Load    Length   Top    Selector   Space  Class     Delta

                reset_vec                      000000  000003  000003         0       0  CODE        2
                intentry                       000004  0007F7  0007FB         8       0  CODE        2
                cstackBANK0                    000020  00004E  00006E        20       1  BANK0       1
                cstackCOMMON                   000070  000009  000079        70       1  COMMON      1
                strings                        000800  000029  000829      1000       0  STRING      2
                text14                         000BDC  00001B  000BF7      17B8       0  CODE        2
                text15                         000BF7  000020  000C17      17EE       0  CODE        2
                text7                          000C17  000029  000C40      182E       0  CODE        2
                text2                          000C40  00003C  000C7C      1880       0  CODE        2
                text10                         000C7C  00003D  000CB9      18F8       0  CODE        2
                text9                          000CB9  000046  000CFF      1972       0  CODE        2
                text3                          000CFF  000046  000D45      19FE       0  CODE        2
                text11                         000D45  000058  000D9D      1A8A       0  CODE        2
                text16                         000D9D  00005B  000DF8      1B3A       0  CODE        2
                text12                         000DF8  000062  000E5A      1BF0       0  CODE        2
                text4                          000E5A  0000BC  000F16      1CB4       0  CODE        2
                text1                          000F16  0000EA  001000      1E2C       0  CODE        2


UNUSED ADDRESS RANGES

        Name                Unused          Largest block    Delta
        BANK0            006E-006F              2           1
        BANK1            00A0-00EF             50           1
        BANK2            0110-016F             60           1
        BANK3            0190-01EF             60           1
        CODE             0003-0003              1           2
                         07FB-07FF              5
                         0829-0BDB            3B3
                         1000-1FFF            800
        COMMON           0079-007D              5           1
        CONST            0003-0003              1           2
                         07FB-07FF              5
                         0829-0BDB            100
                         1000-1FFF            100
        EEDATA           2100-21FF            100           2
        ENTRY            0003-0003              1           2
                         07FB-07FF              5
                         0829-0BDB            100
                         1000-1FFF            100
        IDLOC            2000-2003              4           2
        RAM              006E-006F              2           1
                         00A0-00EF             50
                         0110-016F             60
                         0190-01EF             60
        SFR0             0000-001F             20           1
        SFR1             0080-009F             20           1
        SFR2             0100-010F             10           1
        SFR3             0180-018F             10           1
        STRCODE          0003-0003              1           2
                         07FB-07FF              5
                         0829-0BDB            3B3
                         1000-1FFF           1000
        STRING           0003-0003              1           2
                         07FB-07FF              5
                         0829-0BDB            100
                         1000-1FFF            100

                                  Symbol Table

?__Umul8_16               cstackBANK0  0020
?___fldiv                 cstackBANK0  0020
?___flmul                 cstackBANK0  003A
?___fltol                 cstackBANK0  0054
?___lwdiv                 cstackBANK0  0020
?___lwmod                 cstackBANK0  0028
?___xxtofl                cstackBANK0  0020
?_sprintf                 cstackBANK0  002E
Lcd_Cmd@a                 cstackBANK0  0023
Lcd_Port@a                cstackBANK0  0020
Lcd_Set_Cursor@a          cstackBANK0  0027
Lcd_Set_Cursor@b          cstackBANK0  0024
Lcd_Set_Cursor@temp       cstackBANK0  002A
Lcd_Set_Cursor@y          cstackBANK0  0029
Lcd_Set_Cursor@z          cstackBANK0  0028
Lcd_Write_Char@a          cstackBANK0  0024
Lcd_Write_Char@temp       cstackBANK0  0022
Lcd_Write_Char@y          cstackBANK0  0023
Lcd_Write_String@a        cstackBANK0  0025
Lcd_Write_String@i        cstackBANK0  002A
_ADCON0bits               (abs)        001F
_ADCON1bits               (abs)        009F
_ADRESH                   (abs)        001E
_ADRESL                   (abs)        009E
_INTCONbits               (abs)        000B
_INTF                     (abs)        0059
_Lcd_Clear                text13       07EE
_Lcd_Cmd                  text14       0BDC
_Lcd_Init                 text12       0DF8
_Lcd_Port                 text15       0BF7
_Lcd_Set_Cursor           text11       0D45
_Lcd_Write_Char           text10       0C7C
_Lcd_Write_String         text9        0CB9
_OPTION_REG               (abs)        0081
_PIE1bits                 (abs)        008C
_PIR1bits                 (abs)        000C
_PORTBbits                (abs)        0006
_PORTCbits                (abs)        0007
_RD2                      (abs)        0042
_RD3                      (abs)        0043
_RD4                      (abs)        0044
_RD5                      (abs)        0045
_RD6                      (abs)        0046
_RD7                      (abs)        0047
_T1CONbits                (abs)        0010
_TMR1H                    (abs)        000F
_TMR1IF                   (abs)        0060
_TMR1L                    (abs)        000E
_TRISA                    (abs)        0085
_TRISB                    (abs)        0086
_TRISC                    (abs)        0087
_TRISD                    (abs)        0088
__Habs1                   abs1         0000
__Hbank0                  bank0        0000
__Hbank1                  bank1        0000
__Hbank2                  bank2        0000
__Hbank3                  bank3        0000
__HbssBANK0               bssBANK0     0000
__HbssCOMMON              bssCOMMON    0000
__Hcinit                  cinit        0024
__Hclrtext                clrtext      0000
__Hcode                   code         0000
__Hcommon                 common       0000
__Hconfig                 config       2008
__HcstackBANK0            cstackBANK0  0000
__HcstackCOMMON           cstackCOMMON 0000
__Heeprom_data            eeprom_data  0000
__Hend_init               end_init     000F
__Hfunctab                functab      0000
__Hinit                   init         000C
__Hintentry               intentry     000C
__Hmaintext               maintext     0000
__Hpowerup                powerup      0000
__Hram                    ram          0000
__Hreset_vec              reset_vec    0003
__Hsfr0                   sfr0         0000
__Hsfr1                   sfr1         0000
__Hsfr2                   sfr2         0000
__Hsfr3                   sfr3         0000
__Hspace_0                (abs)        1000
__Hspace_1                (abs)        0079
__Hspace_2                (abs)        0000
__Hspace_3                (abs)        0000
__Hspace_4                (abs)        400F
__Hstack                  stack        0000
__Hstrings                strings      0000
__Htext                   text         0000
__Labs1                   abs1         0000
__Lbank0                  bank0        0000
__Lbank1                  bank1        0000
__Lbank2                  bank2        0000
__Lbank3                  bank3        0000
__LbssBANK0               bssBANK0     0000
__LbssCOMMON              bssCOMMON    0000
__Lcinit                  cinit        000F
__Lclrtext                clrtext      0000
__Lcode                   code         0000
__Lcommon                 common       0000
__Lconfig                 config       0000
__LcstackBANK0            cstackBANK0  0000
__LcstackCOMMON           cstackCOMMON 0000
__Leeprom_data            eeprom_data  0000
__Lend_init               end_init     000C
__Lfunctab                functab      0000
__Linit                   init         000C
__Lintentry               intentry     0004
__Lmaintext               maintext     0000
__Lpowerup                powerup      0000
__Lram                    ram          0000
__Lreset_vec              reset_vec    0000
__Lsfr0                   sfr0         0000
__Lsfr1                   sfr1         0000
__Lsfr2                   sfr2         0000
__Lsfr3                   sfr3         0000
__Lspace_0                (abs)        0000
__Lspace_1                (abs)        0000
__Lspace_2                (abs)        0000
__Lspace_3                (abs)        0000
__Lspace_4                (abs)        0000
__Lstack                  stack        0000
__Lstrings                strings      0000
__Ltext                   text         0000
__S0                      (abs)        1000
__S1                      (abs)        0079
__S3                      (abs)        0000
__Umul8_16                text7        0C17
__Umul8_16@multiplicand   cstackBANK0  0020
__Umul8_16@multiplier     cstackBANK0  0028
__Umul8_16@product        cstackBANK0  0024
__Umul8_16@word_mpld      cstackBANK0  0026
___fldiv                  text8        0595
___fldiv@a                cstackBANK0  0020
___fldiv@aexp             cstackBANK0  0039
___fldiv@b                cstackBANK0  0024
___fldiv@bexp             cstackBANK0  0038
___fldiv@grs              cstackBANK0  0034
___fldiv@new_exp          cstackBANK0  0032
___fldiv@rem              cstackBANK0  002D
___fldiv@sign             cstackBANK0  0031
___flmul                  text6        0024
___flmul@a                cstackBANK0  003E
___flmul@aexp             cstackBANK0  0048
___flmul@b                cstackBANK0  003A
___flmul@bexp             cstackBANK0  004D
___flmul@grs              cstackBANK0  0049
___flmul@prod             cstackBANK0  004E
___flmul@sign             cstackBANK0  0047
___flmul@temp             cstackBANK0  0052
___fltol                  text5        0772
___fltol@exp1             cstackBANK0  005E
___fltol@f1               cstackBANK0  0054
___fltol@sign1            cstackBANK0  005D
___int_sp                 stack        0000
___latbits                (abs)        0002
___lwdiv                  text3        0CFF
___lwdiv@counter          cstackBANK0  0025
___lwdiv@dividend         cstackBANK0  0022
___lwdiv@divisor          cstackBANK0  0020
___lwdiv@quotient         cstackBANK0  0026
___lwmod                  text2        0C40
___lwmod@counter          cstackBANK0  002D
___lwmod@dividend         cstackBANK0  002A
___lwmod@divisor          cstackBANK0  0028
___sp                     stack        0000
___stackhi                (abs)        0000
___stacklo                (abs)        0000
___xxtofl                 text4        0E5A
___xxtofl@arg             cstackBANK0  002A
___xxtofl@exp             cstackBANK0  0029
___xxtofl@sign            cstackBANK0  0028
___xxtofl@val             cstackBANK0  0020
__end_of_Lcd_Clear        text13       07FB
__end_of_Lcd_Cmd          text14       0BF7
__end_of_Lcd_Init         text12       0E5A
__end_of_Lcd_Port         text15       0C17
__end_of_Lcd_Set_Cursor   text11       0D9D
__end_of_Lcd_Write_Char   text10       0CB9
__end_of_Lcd_Write_String text9        0CFF
__end_of__Umul8_16        text7        0C40
__end_of___fldiv          text8        0772
__end_of___flmul          text6        0385
__end_of___fltol          text5        07EE
__end_of___lwdiv          text3        0D45
__end_of___lwmod          text2        0C7C
__end_of___xxtofl         text4        0F16
__end_of__initialization  cinit        0020
__end_of__stringtab       strings      0810
__end_of_colisao          text16       0DF8
__end_of_dpowers          strings      081A
__end_of_main             maintext     0595
__end_of_sprintf          text1        1000
__initialization          cinit        000F
__pbssBANK0               bssBANK0     0063
__pbssCOMMON              bssCOMMON    0075
__pcstackBANK0            cstackBANK0  0020
__pcstackCOMMON           cstackCOMMON 0070
__pintentry               intentry     0004
__pmaintext               maintext     0385
__pstrings                strings      0800
__ptext1                  text1        0F16
__ptext10                 text10       0C7C
__ptext11                 text11       0D45
__ptext12                 text12       0DF8
__ptext13                 text13       07EE
__ptext14                 text14       0BDC
__ptext15                 text15       0BF7
__ptext16                 text16       0D9D
__ptext2                  text2        0C40
__ptext3                  text3        0CFF
__ptext4                  text4        0E5A
__ptext5                  text5        0772
__ptext6                  text6        0024
__ptext7                  text7        0C17
__ptext8                  text8        0595
__ptext9                  text9        0CB9
__stringbase              strings      080F
__stringtab               strings      0800
_buffer                   bssBANK0     006B
_colisao                  text16       0D9D
_dpowers                  strings      0810
_hora                     bssBANK0     0063
_main                     maintext     0385
_min                      bssBANK0     0065
_porcentagem              bssBANK0     0069
_sec                      bssBANK0     0067
_sprintf                  text1        0F16
_valor                    bssCOMMON    0075
btemp                     (abs)        007E
end_of_initialization     cinit        0020
interrupt_function        intentry     0004
intlevel0                 functab      0000
intlevel1                 functab      0000
intlevel2                 functab      0000
intlevel3                 functab      0000
intlevel4                 functab      0000
intlevel5                 functab      0000
reset_vec                 reset_vec    0000
saved_w                   (abs)        007E
sprintf@ap                cstackBANK0  0034
sprintf@c                 cstackBANK0  003A
sprintf@f                 cstackBANK0  002E
sprintf@flag              cstackBANK0  0035
sprintf@prec              cstackBANK0  0036
sprintf@sp                cstackBANK0  0039
sprintf@val               cstackBANK0  0037
start                     init         000C
start_initialization      cinit        000F
wtemp0                    (abs)        007E


MODULE INFORMATION

Module		Function		Class		Link	Load	Size
C:\Program Files\Microchip\xc8\v2.36\pic\sources\c90\common\doprnt.c
		_sprintf       		CODE           	0F16	0000	234

C:\Program Files\Microchip\xc8\v2.36\pic\sources\c90\common\doprnt.c estimated size: 234

C:\Program Files\Microchip\xc8\v2.36\pic\sources\c90\common\lwmod.c
		___lwmod       		CODE           	0C40	0000	60

C:\Program Files\Microchip\xc8\v2.36\pic\sources\c90\common\lwmod.c estimated size: 60

./lcd.h
		_Lcd_Write_String		CODE           	0CB9	0000	70
		_Lcd_Init      		CODE           	0DF8	0000	98
		_Lcd_Write_Char		CODE           	0C7C	0000	61
		_Lcd_Cmd       		CODE           	0BDC	0000	27
		_Lcd_Set_Cursor		CODE           	0D45	0000	88
		_Lcd_Clear     		CODE           	07EE	0000	13
		_Lcd_Port      		CODE           	0BF7	0000	32

./lcd.h estimated size: 389

C:\Program Files\Microchip\xc8\v2.36\pic\sources\c90\common\lwdiv.c
		___lwdiv       		CODE           	0CFF	0000	70

C:\Program Files\Microchip\xc8\v2.36\pic\sources\c90\common\lwdiv.c estimated size: 70

C:\Program Files\Microchip\xc8\v2.36\pic\sources\c90\common\sprcmul.c
		___flmul       		CODE           	0024	0000	865

C:\Program Files\Microchip\xc8\v2.36\pic\sources\c90\common\sprcmul.c estimated size: 865

C:\Program Files\Microchip\xc8\v2.36\pic\sources\c90\common\fltol.c
		___fltol       		CODE           	0772	0000	124

C:\Program Files\Microchip\xc8\v2.36\pic\sources\c90\common\fltol.c estimated size: 124

C:\Program Files\Microchip\xc8\v2.36\pic\sources\c90\common\sprcdiv.c
		___fldiv       		CODE           	0595	0000	477

C:\Program Files\Microchip\xc8\v2.36\pic\sources\c90\common\sprcdiv.c estimated size: 477

shared
		__stringtab    		STRING         	0800	0000	16
		_dpowers       		STRING         	0810	0000	10
		__initialization		CODE           	000F	0000	17

shared estimated size: 43

C:\Program Files\Microchip\xc8\v2.36\pic\sources\c90\common\xxtofl.c
		___xxtofl      		CODE           	0E5A	0000	188

C:\Program Files\Microchip\xc8\v2.36\pic\sources\c90\common\xxtofl.c estimated size: 188

main.c
		_main          		CODE           	0385	0000	528
		_colisao       		CODE           	0D9D	0000	91

main.c estimated size: 619

C:\Program Files\Microchip\xc8\v2.36\pic\sources\c90\common\Umul8_16.c
		__Umul8_16     		CODE           	0C17	0000	41

C:\Program Files\Microchip\xc8\v2.36\pic\sources\c90\common\Umul8_16.c estimated size: 41

